[36mvite v5.4.19 [32mbuilding for production...[36m[39m
transforming...
node.exe : Browserslist: browsers data (caniuse-lite) is 9 months old. Please r
un:
At line:1 char:1
+ & "C:\Program Files\nodejs/node.exe" "C:\Program Files\nodejs/node_mo ...
+ ~~~~~~~~~~~~~~~~~~~~~~~~~~~~~~~~~~~~~~~~~~~~~~~~~~~~~~~~~~~~~~~~~~~~~
    + CategoryInfo          : NotSpecified: (Browserslist: b...ld. Please run: 
   :String) [], RemoteException
    + FullyQualifiedErrorId : NativeCommandError
 
  npx update-browserslist-db@latest
  Why you should do it regularly: https://github.com/browserslist/update-db#rea
dme
[32mΓ£ô[39m 4825 modules transformed.
rendering chunks...
computing gzip size...
[2mdist/[22m[32mindex.html                                      [39m[1m[2m  3.72 kB[22m[1m[22m[2m Γöé gzip:   1.30 kB[22m
[2mdist/[22m[32massets/family-choice-icon-B5vXCMhj.png          [39m[1m[2m 17.16 kB[22m[1m[22m
[2mdist/[22m[32massets/room-deluxe-BjfSGNb_.jpg                 [39m[1m[2m112.56 kB[22m[1m[22m
[2mdist/[22m[32massets/room-villa-DK0iO_sK.jpg                  [39m[1m[2m129.24 kB[22m[1m[22m
[2mdist/[22m[35massets/Panorama360Viewer-BnTO_ym8.css           [39m[1m[2m 44.46 kB[22m[1m[22m[2m Γöé gzip:  12.24 kB[22m
[2mdist/[22m[35massets/index-C-MvKuN5.css                       [39m[1m[2m143.32 kB[22m[1m[22m[2m Γöé gzip:  22.36 kB[22m
[2mdist/[22m[36massets/index-BdQq_4o_.js                        [39m[1m[2m  0.06 kB[22m[1m[22m[2m Γöé gzip:   0.08 kB[22m
[2mdist/[22m[36massets/endOfDay-Cj0xa0So.js                     [39m[1m[2m  0.11 kB[22m[1m[22m[2m Γöé gzip:   0.13 kB[22m
[2mdist/[22m[36massets/isWithinInterval-D_p9mICs.js             [39m[1m[2m  0.14 kB[22m[1m[22m[2m Γöé gzip:   0.15 kB[22m
[2mdist/[22m[36massets/addDays-DWwb_Icj.js                      [39m[1m[2m  0.15 kB[22m[1m[22m[2m Γöé gzip:   0.14 kB[22m
[2mdist/[22m[36massets/isSameMonth-CNeG8Lii.js                  [39m[1m[2m  0.16 kB[22m[1m[22m[2m Γöé gzip:   0.15 kB[22m
[2mdist/[22m[36massets/isBefore-B8bKVLTZ.js                     [39m[1m[2m  0.17 kB[22m[1m[22m[2m Γöé gzip:   0.14 kB[22m
[2mdist/[22m[36massets/skeleton-CsV9_O5E.js                     [39m[1m[2m  0.21 kB[22m[1m[22m[2m Γöé gzip:   0.18 kB[22m
[2mdist/[22m[36massets/index-BgKmb9Kb.js                        [39m[1m[2m  0.24 kB[22m[1m[22m[2m Γöé gzip:   0.18 kB[22m
[2mdist/[22m[36massets/endOfMonth-Dp2vLKzq.js                   [39m[1m[2m  0.29 kB[22m[1m[22m[2m Γöé gzip:   0.20 kB[22m
[2mdist/[22m[36massets/minus-B8_2jd8u.js                        [39m[1m[2m  0.29 kB[22m[1m[22m[2m Γöé gzip:   0.24 kB[22m
[2mdist/[22m[36massets/check-CpmYbh0W.js                        [39m[1m[2m  0.29 kB[22m[1m[22m[2m Γöé gzip:   0.24 kB[22m
[2mdist/[22m[36massets/chevron-down-g9oKi_Ye.js                 [39m[1m[2m  0.30 kB[22m[1m[22m[2m Γöé gzip:   0.24 kB[22m
[2mdist/[22m[36massets/chevron-up-r5_L8tik.js                   [39m[1m[2m  0.30 kB[22m[1m[22m[2m Γöé gzip:   0.24 kB[22m
[2mdist/[22m[36massets/chevron-left-nyfUSS08.js                 [39m[1m[2m  0.30 kB[22m[1m[22m[2m Γöé gzip:   0.25 kB[22m
[2mdist/[22m[36massets/chevron-right-C_cV3A6C.js                [39m[1m[2m  0.30 kB[22m[1m[22m[2m Γöé gzip:   0.25 kB[22m
[2mdist/[22m[36massets/circle-2fLSvoxa.js                       [39m[1m[2m  0.30 kB[22m[1m[22m[2m Γöé gzip:   0.24 kB[22m
[2mdist/[22m[36massets/loader-circle-C7bXcQA4.js                [39m[1m[2m  0.31 kB[22m[1m[22m[2m Γöé gzip:   0.26 kB[22m
[2mdist/[22m[36massets/message-circle-DSwtKOsG.js               [39m[1m[2m  0.32 kB[22m[1m[22m[2m Γöé gzip:   0.26 kB[22m
[2mdist/[22m[36massets/plus-DI7P9qwe.js                         [39m[1m[2m  0.32 kB[22m[1m[22m[2m Γöé gzip:   0.25 kB[22m
[2mdist/[22m[36massets/use-mobile-BoukkjHD.js                   [39m[1m[2m  0.33 kB[22m[1m[22m[2m Γöé gzip:   0.25 kB[22m
[2mdist/[22m[36massets/arrow-left-DfNwJDd_.js                   [39m[1m[2m  0.33 kB[22m[1m[22m[2m Γöé gzip:   0.26 kB[22m
[2mdist/[22m[36massets/search-BN-pQHp4.js                       [39m[1m[2m  0.34 kB[22m[1m[22m[2m Γöé gzip:   0.27 kB[22m
[2mdist/[22m[36massets/ban-OsJhEM-Q.js                          [39m[1m[2m  0.34 kB[22m[1m[22m[2m Γöé gzip:   0.27 kB[22m
[2mdist/[22m[36massets/circle-check-Cbyihr3G.js                 [39m[1m[2m  0.35 kB[22m[1m[22m[2m Γöé gzip:   0.27 kB[22m
[2mdist/[22m[36massets/clock-Du4hoQp1.js                        [39m[1m[2m  0.35 kB[22m[1m[22m[2m Γöé gzip:   0.27 kB[22m
[2mdist/[22m[36massets/circle-check-big-B7cj-MOD.js             [39m[1m[2m  0.36 kB[22m[1m[22m[2m Γöé gzip:   0.28 kB[22m
[2mdist/[22m[36massets/user-hjCCvlDW.js                         [39m[1m[2m  0.37 kB[22m[1m[22m[2m Γöé gzip:   0.28 kB[22m
[2mdist/[22m[36massets/rotate-ccw-68phK1uy.js                   [39m[1m[2m  0.37 kB[22m[1m[22m[2m Γöé gzip:   0.28 kB[22m
[2mdist/[22m[36massets/trending-up-DtOcdg-R.js                  [39m[1m[2m  0.37 kB[22m[1m[22m[2m Γöé gzip:   0.28 kB[22m
[2mdist/[22m[36massets/circle-x-CVIVfoPt.js                     [39m[1m[2m  0.38 kB[22m[1m[22m[2m Γöé gzip:   0.28 kB[22m
[2mdist/[22m[36massets/credit-card-BTTh61gv.js                  [39m[1m[2m  0.38 kB[22m[1m[22m[2m Γöé gzip:   0.29 kB[22m
[2mdist/[22m[36massets/lock-B1V0w7dD.js                         [39m[1m[2m  0.38 kB[22m[1m[22m[2m Γöé gzip:   0.29 kB[22m
[2mdist/[22m[36massets/bell-DhE4v_3B.js                         [39m[1m[2m  0.38 kB[22m[1m[22m[2m Γöé gzip:   0.29 kB[22m
[2mdist/[22m[36massets/mail-Dm3dQVrm.js                         [39m[1m[2m  0.38 kB[22m[1m[22m[2m Γöé gzip:   0.30 kB[22m
[2mdist/[22m[36massets/ellipsis-Bikfx6d1.js                     [39m[1m[2m  0.40 kB[22m[1m[22m[2m Γöé gzip:   0.27 kB[22m
[2mdist/[22m[36massets/indonesianFormat-OalO_ZTa.js             [39m[1m[2m  0.40 kB[22m[1m[22m[2m Γöé gzip:   0.28 kB[22m
[2mdist/[22m[36massets/copy-NX3VilBA.js                         [39m[1m[2m  0.41 kB[22m[1m[22m[2m Γöé gzip:   0.31 kB[22m
[2mdist/[22m[36massets/bed-BZ2uQyLy.js                          [39m[1m[2m  0.41 kB[22m[1m[22m[2m Γöé gzip:   0.29 kB[22m
[2mdist/[22m[36massets/link-2-E5gWmyTH.js                       [39m[1m[2m  0.41 kB[22m[1m[22m[2m Γöé gzip:   0.31 kB[22m
[2mdist/[22m[36massets/globe-WfxqZ2pS.js                        [39m[1m[2m  0.41 kB[22m[1m[22m[2m Γöé gzip:   0.29 kB[22m
[2mdist/[22m[36massets/percent-B4Lmiq5A.js                      [39m[1m[2m  0.41 kB[22m[1m[22m[2m Γöé gzip:   0.29 kB[22m
[2mdist/[22m[36massets/circle-alert-1xHndFi1.js                 [39m[1m[2m  0.42 kB[22m[1m[22m[2m Γöé gzip:   0.29 kB[22m
[2mdist/[22m[36massets/chart-column-Ce3a-3Km.js                 [39m[1m[2m  0.42 kB[22m[1m[22m[2m Γöé gzip:   0.29 kB[22m
[2mdist/[22m[36massets/external-link-BtMeJ_QE.js                [39m[1m[2m  0.42 kB[22m[1m[22m[2m Γöé gzip:   0.30 kB[22m
[2mdist/[22m[36massets/settings-2-ByFJROLN.js                   [39m[1m[2m  0.42 kB[22m[1m[22m[2m Γöé gzip:   0.30 kB[22m
[2mdist/[22m[36massets/message-square-text-ssUT6tvE.js          [39m[1m[2m  0.42 kB[22m[1m[22m[2m Γöé gzip:   0.30 kB[22m
[2mdist/[22m[36massets/eye-SLuIpjzY.js                          [39m[1m[2m  0.43 kB[22m[1m[22m[2m Γöé gzip:   0.30 kB[22m
[2mdist/[22m[36massets/link-C9Mnhn_P.js                         [39m[1m[2m  0.43 kB[22m[1m[22m[2m Γöé gzip:   0.30 kB[22m
[2mdist/[22m[36massets/calendar-DOBBc_6o.js                     [39m[1m[2m  0.43 kB[22m[1m[22m[2m Γöé gzip:   0.30 kB[22m
[2mdist/[22m[36massets/upload-CMn7rZNu.js                       [39m[1m[2m  0.43 kB[22m[1m[22m[2m Γöé gzip:   0.31 kB[22m
[2mdist/[22m[36massets/map-pin-Bpjy2SEm.js                      [39m[1m[2m  0.43 kB[22m[1m[22m[2m Γöé gzip:   0.32 kB[22m
[2mdist/[22m[36massets/log-out-DJ4jD6f2.js                      [39m[1m[2m  0.43 kB[22m[1m[22m[2m Γöé gzip:   0.32 kB[22m
[2mdist/[22m[36massets/download-jAQwPGQb.js                     [39m[1m[2m  0.43 kB[22m[1m[22m[2m Γöé gzip:   0.32 kB[22m
[2mdist/[22m[36massets/zap-CHJ_OPag.js                          [39m[1m[2m  0.43 kB[22m[1m[22m[2m Γöé gzip:   0.31 kB[22m
[2mdist/[22m[36massets/triangle-alert-DO5kONGv.js               [39m[1m[2m  0.43 kB[22m[1m[22m[2m Γöé gzip:   0.31 kB[22m
[2mdist/[22m[36massets/image-BMuqkaNY.js                        [39m[1m[2m  0.44 kB[22m[1m[22m[2m Γöé gzip:   0.32 kB[22m
[2mdist/[22m[36massets/shield-C38qTV3R.js                       [39m[1m[2m  0.44 kB[22m[1m[22m[2m Γöé gzip:   0.33 kB[22m
[2mdist/[22m[36massets/pencil-H07CJ9uh.js                       [39m[1m[2m  0.45 kB[22m[1m[22m[2m Γöé gzip:   0.33 kB[22m
[2mdist/[22m[36massets/book-open-DrgbmxCN.js                    [39m[1m[2m  0.45 kB[22m[1m[22m[2m Γöé gzip:   0.31 kB[22m
[2mdist/[22m[36massets/wifi-BzgPKnqI.js                         [39m[1m[2m  0.45 kB[22m[1m[22m[2m Γöé gzip:   0.30 kB[22m
[2mdist/[22m[36massets/house-D2MwIgqt.js                        [39m[1m[2m  0.46 kB[22m[1m[22m[2m Γöé gzip:   0.32 kB[22m
[2mdist/[22m[36massets/send-RMUJ_pYv.js                         [39m[1m[2m  0.46 kB[22m[1m[22m[2m Γöé gzip:   0.33 kB[22m
[2mdist/[22m[36massets/folder-open-BfZk2p0v.js                  [39m[1m[2m  0.46 kB[22m[1m[22m[2m Γöé gzip:   0.32 kB[22m
[2mdist/[22m[36massets/differenceInDays-BYNt4wBZ.js             [39m[1m[2m  0.46 kB[22m[1m[22m[2m Γöé gzip:   0.27 kB[22m
[2mdist/[22m[36massets/bed-double-TcIy7GlZ.js                   [39m[1m[2m  0.47 kB[22m[1m[22m[2m Γöé gzip:   0.31 kB[22m
[2mdist/[22m[36massets/users-YGW4MbUU.js                        [39m[1m[2m  0.47 kB[22m[1m[22m[2m Γöé gzip:   0.33 kB[22m
[2mdist/[22m[36massets/useAuth-Cbe3rjh4.js                      [39m[1m[2m  0.47 kB[22m[1m[22m[2m Γöé gzip:   0.31 kB[22m
[2mdist/[22m[36massets/wibTimezone-BGMgi02y.js                  [39m[1m[2m  0.47 kB[22m[1m[22m[2m Γöé gzip:   0.26 kB[22m
[2mdist/[22m[36massets/square-pen-BhoRyNs2.js                   [39m[1m[2m  0.49 kB[22m[1m[22m[2m Γöé gzip:   0.34 kB[22m
[2mdist/[22m[36massets/refresh-cw-BDseQ838.js                   [39m[1m[2m  0.49 kB[22m[1m[22m[2m Γöé gzip:   0.32 kB[22m
[2mdist/[22m[36massets/tag-BsSojXC9.js                          [39m[1m[2m  0.50 kB[22m[1m[22m[2m Γöé gzip:   0.35 kB[22m
[2mdist/[22m[36massets/save-CjDfJSPz.js                         [39m[1m[2m  0.50 kB[22m[1m[22m[2m Γöé gzip:   0.32 kB[22m
[2mdist/[22m[36massets/bot-Br7B85fP.js                          [39m[1m[2m  0.50 kB[22m[1m[22m[2m Γöé gzip:   0.33 kB[22m
[2mdist/[22m[36massets/file-text-8RYfdmke.js                    [39m[1m[2m  0.50 kB[22m[1m[22m[2m Γöé gzip:   0.32 kB[22m
[2mdist/[22m[36massets/html2canvas-vLnMa_nl.js                  [39m[1m[2m  0.50 kB[22m[1m[22m[2m Γöé gzip:   0.36 kB[22m
[2mdist/[22m[36massets/file-type-Dn35kPle.js                    [39m[1m[2m  0.51 kB[22m[1m[22m[2m Γöé gzip:   0.32 kB[22m
[2mdist/[22m[36massets/textarea-BLD1Ldvx.js                     [39m[1m[2m  0.52 kB[22m[1m[22m[2m Γöé gzip:   0.34 kB[22m
[2mdist/[22m[36massets/layout-dashboard-BuhKcH5o.js             [39m[1m[2m  0.52 kB[22m[1m[22m[2m Γöé gzip:   0.31 kB[22m
[2mdist/[22m[36massets/share-2-CN4s8j0d.js                      [39m[1m[2m  0.53 kB[22m[1m[22m[2m Γöé gzip:   0.33 kB[22m
[2mdist/[22m[36massets/trash-2-DVSEH7Bg.js                      [39m[1m[2m  0.53 kB[22m[1m[22m[2m Γöé gzip:   0.35 kB[22m
[2mdist/[22m[36massets/package-BVeFgKKu.js                      [39m[1m[2m  0.56 kB[22m[1m[22m[2m Γöé gzip:   0.36 kB[22m
[2mdist/[22m[36massets/phone-CB24Zxvi.js                        [39m[1m[2m  0.56 kB[22m[1m[22m[2m Γöé gzip:   0.35 kB[22m
[2mdist/[22m[36massets/clipboard-list-CGNqKygx.js               [39m[1m[2m  0.58 kB[22m[1m[22m[2m Γöé gzip:   0.36 kB[22m
[2mdist/[22m[36massets/label-BcE9suh4.js                        [39m[1m[2m  0.59 kB[22m[1m[22m[2m Γöé gzip:   0.39 kB[22m
[2mdist/[22m[36massets/eye-off-DjVnJvP0.js                      [39m[1m[2m  0.60 kB[22m[1m[22m[2m Γöé gzip:   0.38 kB[22m
[2mdist/[22m[36massets/building-2-D1MOhUl8.js                   [39m[1m[2m  0.61 kB[22m[1m[22m[2m Γöé gzip:   0.35 kB[22m
[2mdist/[22m[36massets/input-Tqg7PIQ9.js                        [39m[1m[2m  0.62 kB[22m[1m[22m[2m Γöé gzip:   0.37 kB[22m
[2mdist/[22m[36massets/star-CU3G7e1Y.js                         [39m[1m[2m  0.64 kB[22m[1m[22m[2m Γöé gzip:   0.40 kB[22m
[2mdist/[22m[36massets/dollar-sign-Br6R9LCY.js                  [39m[1m[2m  0.67 kB[22m[1m[22m[2m Γöé gzip:   0.35 kB[22m
[2mdist/[22m[36massets/sparkles-DZT-B8UH.js                     [39m[1m[2m  0.68 kB[22m[1m[22m[2m Γöé gzip:   0.40 kB[22m
[2mdist/[22m[36massets/toggle-right-CwVuzcEQ.js                 [39m[1m[2m  0.70 kB[22m[1m[22m[2m Γöé gzip:   0.32 kB[22m
[2mdist/[22m[36massets/separator-Ce4Bj08O.js                    [39m[1m[2m  0.71 kB[22m[1m[22m[2m Γöé gzip:   0.42 kB[22m
[2mdist/[22m[36massets/building-CF1-kfAS.js                     [39m[1m[2m  0.71 kB[22m[1m[22m[2m Γöé gzip:   0.37 kB[22m
[2mdist/[22m[36massets/twitter-EpiUHkyz.js                      [39m[1m[2m  0.71 kB[22m[1m[22m[2m Γöé gzip:   0.39 kB[22m
[2mdist/[22m[36massets/pen-BMwDLrTS.js                          [39m[1m[2m  0.77 kB[22m[1m[22m[2m Γöé gzip:   0.41 kB[22m
[2mdist/[22m[36massets/popover-DM32ibDm.js                      [39m[1m[2m  0.77 kB[22m[1m[22m[2m Γöé gzip:   0.41 kB[22m
[2mdist/[22m[36massets/badge-B7IQeIYm.js                        [39m[1m[2m  0.89 kB[22m[1m[22m[2m Γöé gzip:   0.43 kB[22m
[2mdist/[22m[36massets/settings-C4Pfo2SA.js                     [39m[1m[2m  0.89 kB[22m[1m[22m[2m Γöé gzip:   0.44 kB[22m
[2mdist/[22m[36massets/useRooms-MSDaUn3M.js                     [39m[1m[2m  0.96 kB[22m[1m[22m[2m Γöé gzip:   0.54 kB[22m
[2mdist/[22m[36massets/card-BkZPmIcW.js                         [39m[1m[2m  1.03 kB[22m[1m[22m[2m Γöé gzip:   0.40 kB[22m
[2mdist/[22m[36massets/AdminGuard-CpmTgzFd.js                   [39m[1m[2m  1.06 kB[22m[1m[22m[2m Γöé gzip:   0.59 kB[22m
[2mdist/[22m[36massets/tabs-B6ogOvy7.js                         [39m[1m[2m  1.11 kB[22m[1m[22m[2m Γöé gzip:   0.46 kB[22m
[2mdist/[22m[36massets/video-DnGgLXHQ.js                        [39m[1m[2m  1.25 kB[22m[1m[22m[2m Γöé gzip:   0.49 kB[22m
[2mdist/[22m[36massets/user-check-DEfITx0T.js                   [39m[1m[2m  1.28 kB[22m[1m[22m[2m Γöé gzip:   0.51 kB[22m
[2mdist/[22m[36massets/useAttractionImageUpload-bNNFZE1_.js     [39m[1m[2m  1.28 kB[22m[1m[22m[2m Γöé gzip:   0.68 kB[22m
[2mdist/[22m[36massets/youtube-Bjd-Q6wu.js                      [39m[1m[2m  1.29 kB[22m[1m[22m[2m Γöé gzip:   0.53 kB[22m
[2mdist/[22m[36massets/wifi-off-C1Fakn5h.js                     [39m[1m[2m  1.36 kB[22m[1m[22m[2m Γöé gzip:   0.54 kB[22m
[2mdist/[22m[36massets/useHotelSettings-oZll9n_E.js             [39m[1m[2m  1.42 kB[22m[1m[22m[2m Γöé gzip:   0.69 kB[22m
[2mdist/[22m[36massets/useAdminRooms-DxPmaY4G.js                [39m[1m[2m  1.44 kB[22m[1m[22m[2m Γöé gzip:   0.50 kB[22m
[2mdist/[22m[36massets/utensils-crossed-CNfzoS64.js             [39m[1m[2m  1.48 kB[22m[1m[22m[2m Γöé gzip:   0.62 kB[22m
[2mdist/[22m[36massets/useCityAttractions-BcNKrWj5.js           [39m[1m[2m  1.49 kB[22m[1m[22m[2m Γöé gzip:   0.53 kB[22m
[2mdist/[22m[36massets/table-C14N1PjN.js                        [39m[1m[2m  1.52 kB[22m[1m[22m[2m Γöé gzip:   0.54 kB[22m
[2mdist/[22m[36massets/button-Bshpl2mk.js                       [39m[1m[2m  1.58 kB[22m[1m[22m[2m Γöé gzip:   0.73 kB[22m
[2mdist/[22m[36massets/useFacilities-DgoLVuNg.js                [39m[1m[2m  1.61 kB[22m[1m[22m[2m Γöé gzip:   0.50 kB[22m
[2mdist/[22m[36massets/useBankAccounts-riPIos8Q.js              [39m[1m[2m  1.62 kB[22m[1m[22m[2m Γöé gzip:   0.55 kB[22m
[2mdist/[22m[36massets/useAdminChatbot-DGCZkHqu.js              [39m[1m[2m  1.62 kB[22m[1m[22m[2m Γöé gzip:   0.97 kB[22m
[2mdist/[22m[36massets/NotFound-BrolYo9m.js                     [39m[1m[2m  1.63 kB[22m[1m[22m[2m Γöé gzip:   0.74 kB[22m
[2mdist/[22m[36massets/square-B_cWRyoP.js                       [39m[1m[2m  1.63 kB[22m[1m[22m[2m Γöé gzip:   0.59 kB[22m
[2mdist/[22m[36massets/useNearbyLocations-D5Z4CmPE.js           [39m[1m[2m  1.65 kB[22m[1m[22m[2m Γöé gzip:   0.56 kB[22m
[2mdist/[22m[36massets/pagination-Ccdaz14a.js                   [39m[1m[2m  1.70 kB[22m[1m[22m[2m Γöé gzip:   0.67 kB[22m
[2mdist/[22m[36massets/useRoomFeatures-Bq0aY-T1.js              [39m[1m[2m  1.71 kB[22m[1m[22m[2m Γöé gzip:   0.50 kB[22m
[2mdist/[22m[36massets/trending-down-C7KA-sIG.js                [39m[1m[2m  1.72 kB[22m[1m[22m[2m Γöé gzip:   0.58 kB[22m
[2mdist/[22m[36massets/Breadcrumb-Bpduq55I.js                   [39m[1m[2m  1.75 kB[22m[1m[22m[2m Γöé gzip:   0.72 kB[22m
[2mdist/[22m[36massets/user-cog-BPP3z-KT.js                     [39m[1m[2m  1.89 kB[22m[1m[22m[2m Γöé gzip:   0.67 kB[22m
[2mdist/[22m[36massets/useExploreHeroSlides-D2OBfjnZ.js         [39m[1m[2m  1.96 kB[22m[1m[22m[2m Γöé gzip:   0.62 kB[22m
[2mdist/[22m[36massets/shield-x-4tAW5WdP.js                     [39m[1m[2m  2.02 kB[22m[1m[22m[2m Γöé gzip:   0.61 kB[22m
[2mdist/[22m[36massets/useFacilityHeroSlides-CC7uCqJz.js        [39m[1m[2m  2.05 kB[22m[1m[22m[2m Γöé gzip:   0.62 kB[22m
[2mdist/[22m[36massets/useHeroSlides-2Nu19jDz.js                [39m[1m[2m  2.11 kB[22m[1m[22m[2m Γöé gzip:   0.64 kB[22m
[2mdist/[22m[36massets/useRoomAddons-CI_t8uAu.js                [39m[1m[2m  2.12 kB[22m[1m[22m[2m Γöé gzip:   0.70 kB[22m
[2mdist/[22m[36massets/formatDistanceToNow-Cf7ecpje.js          [39m[1m[2m  2.16 kB[22m[1m[22m[2m Γöé gzip:   0.91 kB[22m
[2mdist/[22m[36massets/index-CL7mNc3s.js                        [39m[1m[2m  2.17 kB[22m[1m[22m[2m Γöé gzip:   0.97 kB[22m
[2mdist/[22m[36massets/dialog-CUulETqn.js                       [39m[1m[2m  2.18 kB[22m[1m[22m[2m Γöé gzip:   0.85 kB[22m
[2mdist/[22m[36massets/usePriceAnalysis-D40obm3v.js             [39m[1m[2m  2.35 kB[22m[1m[22m[2m Γöé gzip:   1.06 kB[22m
[2mdist/[22m[36massets/useRoomPanoramas-B7vzHuPM.js             [39m[1m[2m  2.36 kB[22m[1m[22m[2m Γöé gzip:   0.61 kB[22m
[2mdist/[22m[36massets/AdminLogin-DbDHEr71.js                   [39m[1m[2m  2.46 kB[22m[1m[22m[2m Γöé gzip:   1.09 kB[22m
[2mdist/[22m[36massets/switch-CvHgi2qq.js                       [39m[1m[2m  2.51 kB[22m[1m[22m[2m Γöé gzip:   1.26 kB[22m
[2mdist/[22m[36massets/useMediaLibrary-D1YcZ6lS.js              [39m[1m[2m  2.57 kB[22m[1m[22m[2m Γöé gzip:   1.09 kB[22m
[2mdist/[22m[36massets/useMemberAuth-BRdebhYj.js                [39m[1m[2m  2.66 kB[22m[1m[22m[2m Γöé gzip:   1.15 kB[22m
[2mdist/[22m[36massets/parseISO-C5PjJDV_.js                     [39m[1m[2m  2.67 kB[22m[1m[22m[2m Γöé gzip:   1.18 kB[22m
[2mdist/[22m[36massets/AttractionCard-CczoBwmE.js               [39m[1m[2m  2.83 kB[22m[1m[22m[2m Γöé gzip:   1.26 kB[22m
[2mdist/[22m[36massets/optimized-image-C_jCpJa-.js              [39m[1m[2m  2.98 kB[22m[1m[22m[2m Γöé gzip:   1.47 kB[22m
[2mdist/[22m[36massets/tags-BgsOo7PG.js                         [39m[1m[2m  3.31 kB[22m[1m[22m[2m Γöé gzip:   1.02 kB[22m
[2mdist/[22m[36massets/PaymentStatus-BNUct-Di.js                [39m[1m[2m  3.52 kB[22m[1m[22m[2m Γöé gzip:   1.45 kB[22m
[2mdist/[22m[36massets/useBookingValidation-BGcgD6nD.js         [39m[1m[2m  3.57 kB[22m[1m[22m[2m Γöé gzip:   1.28 kB[22m
[2mdist/[22m[36massets/InvoicePreviewDialog-B6PDoil2.js         [39m[1m[2m  3.71 kB[22m[1m[22m[2m Γöé gzip:   1.73 kB[22m
[2mdist/[22m[36massets/VirtualTourViewer-DMS-yW9N.js            [39m[1m[2m  3.86 kB[22m[1m[22m[2m Γöé gzip:   1.73 kB[22m
[2mdist/[22m[36massets/checkbox-CBPLsymS.js                     [39m[1m[2m  3.93 kB[22m[1m[22m[2m Γöé gzip:   1.74 kB[22m
[2mdist/[22m[36massets/radio-group-BXlf7Gvx.js                  [39m[1m[2m  4.05 kB[22m[1m[22m[2m Γöé gzip:   1.83 kB[22m
[2mdist/[22m[36massets/Bookings-Duxeax6V.js                     [39m[1m[2m  4.05 kB[22m[1m[22m[2m Γöé gzip:   1.53 kB[22m
[2mdist/[22m[36massets/useAdminBookings-9K9WqcBF.js             [39m[1m[2m  4.12 kB[22m[1m[22m[2m Γöé gzip:   1.31 kB[22m
[2mdist/[22m[36massets/wand-sparkles-BUq3_k4-.js                [39m[1m[2m  4.16 kB[22m[1m[22m[2m Γöé gzip:   1.17 kB[22m
[2mdist/[22m[36massets/accordion-BEAY2bVm.js                    [39m[1m[2m  4.65 kB[22m[1m[22m[2m Γöé gzip:   1.86 kB[22m
[2mdist/[22m[36massets/AdminChat-xvWdt9NE.js                    [39m[1m[2m  4.68 kB[22m[1m[22m[2m Γöé gzip:   1.81 kB[22m
[2mdist/[22m[36massets/alert-dialog-RRpGihh8.js                 [39m[1m[2m  4.81 kB[22m[1m[22m[2m Γöé gzip:   1.77 kB[22m
[2mdist/[22m[36massets/RoomAvailabilityCalendar-DjUrLpG5.js     [39m[1m[2m  4.86 kB[22m[1m[22m[2m Γöé gzip:   1.83 kB[22m
[2mdist/[22m[36massets/AdminBankAccounts-BLEEIsev.js            [39m[1m[2m  4.95 kB[22m[1m[22m[2m Γöé gzip:   1.68 kB[22m
[2mdist/[22m[36massets/Auth-qt6-j0r4.js                         [39m[1m[2m  5.24 kB[22m[1m[22m[2m Γöé gzip:   1.77 kB[22m
[2mdist/[22m[36massets/embla-carousel-autoplay.esm-CWukEQmw.js  [39m[1m[2m  5.26 kB[22m[1m[22m[2m Γöé gzip:   2.12 kB[22m
[2mdist/[22m[36massets/MediaPickerField-DpUibe1J.js             [39m[1m[2m  5.42 kB[22m[1m[22m[2m Γöé gzip:   2.07 kB[22m
[2mdist/[22m[36massets/Chat-D-xvSb5n.js                         [39m[1m[2m  5.71 kB[22m[1m[22m[2m Γöé gzip:   2.04 kB[22m
[2mdist/[22m[36massets/useBookingExport-BXKh8D3_.js             [39m[1m[2m  5.74 kB[22m[1m[22m[2m Γöé gzip:   2.04 kB[22m
[2mdist/[22m[36massets/useChatbot-COa1XUd5.js                   [39m[1m[2m  5.75 kB[22m[1m[22m[2m Γöé gzip:   2.42 kB[22m
[2mdist/[22m[36massets/AdminNearbyLocations-BjMj8aTY.js         [39m[1m[2m  5.97 kB[22m[1m[22m[2m Γöé gzip:   1.99 kB[22m
[2mdist/[22m[36massets/Payment-C0xfixgx.js                      [39m[1m[2m  6.30 kB[22m[1m[22m[2m Γöé gzip:   2.04 kB[22m
[2mdist/[22m[36massets/AdminFacilityHeroSlides-BCqZLiTg.js      [39m[1m[2m  6.58 kB[22m[1m[22m[2m Γöé gzip:   2.04 kB[22m
[2mdist/[22m[36massets/PanoramaManager-DzgHtGCt.js              [39m[1m[2m  6.81 kB[22m[1m[22m[2m Γöé gzip:   2.55 kB[22m
[2mdist/[22m[36massets/AdminChatbotWidget-CY4_tICr.js           [39m[1m[2m  6.90 kB[22m[1m[22m[2m Γöé gzip:   2.74 kB[22m
[2mdist/[22m[36massets/AdminBookingCom-DuP-YcWW.js              [39m[1m[2m  6.98 kB[22m[1m[22m[2m Γöé gzip:   2.54 kB[22m
[2mdist/[22m[36massets/AdminDashboard-Br26S9ZZ.js               [39m[1m[2m  7.08 kB[22m[1m[22m[2m Γöé gzip:   2.00 kB[22m
[2mdist/[22m[36massets/AdminFacilities-Dz_D1vSU.js              [39m[1m[2m  7.42 kB[22m[1m[22m[2m Γöé gzip:   2.84 kB[22m
[2mdist/[22m[36massets/AdminExploreHeroSlides-BQzd5ExV.js       [39m[1m[2m  8.11 kB[22m[1m[22m[2m Γöé gzip:   2.41 kB[22m
[2mdist/[22m[36massets/AdminRoomFeatures-BxMXwka8.js            [39m[1m[2m  8.22 kB[22m[1m[22m[2m Γöé gzip:   3.11 kB[22m
[2mdist/[22m[36massets/slider-Bee2jgkr.js                       [39m[1m[2m  8.34 kB[22m[1m[22m[2m Γöé gzip:   3.38 kB[22m
[2mdist/[22m[36massets/BookingConfirmationDialog-DMiI7JTq.js    [39m[1m[2m  8.44 kB[22m[1m[22m[2m Γöé gzip:   2.73 kB[22m
[2mdist/[22m[36massets/EventDetail-52AmX1c8.js                  [39m[1m[2m  8.66 kB[22m[1m[22m[2m Γöé gzip:   2.64 kB[22m
[2mdist/[22m[36massets/AdminRoomAddons-WuJYJrMu.js              [39m[1m[2m  9.26 kB[22m[1m[22m[2m Γöé gzip:   2.94 kB[22m
[2mdist/[22m[36massets/ManagerCalendar-RtlKSclk.js              [39m[1m[2m  9.42 kB[22m[1m[22m[2m Γöé gzip:   3.13 kB[22m
[2mdist/[22m[36massets/AdminMediaLibrary-NdIhGV_o.js            [39m[1m[2m  9.94 kB[22m[1m[22m[2m Γöé gzip:   3.22 kB[22m
[2mdist/[22m[36massets/Footer-DVZrGCob.js                       [39m[1m[2m 10.31 kB[22m[1m[22m[2m Γöé gzip:   3.33 kB[22m
[2mdist/[22m[36massets/useChatRealtime-BjwduOlK.js              [39m[1m[2m 10.46 kB[22m[1m[22m[2m Γöé gzip:   3.71 kB[22m
[2mdist/[22m[36massets/AttractionDetail-fzpqHoUX.js             [39m[1m[2m 10.83 kB[22m[1m[22m[2m Γöé gzip:   3.92 kB[22m
[2mdist/[22m[36massets/AdminCityAttractions-DW3ByLgh.js         [39m[1m[2m 12.07 kB[22m[1m[22m[2m Γöé gzip:   3.68 kB[22m
[2mdist/[22m[36massets/scroll-area-Cjof9TPT.js                  [39m[1m[2m 12.53 kB[22m[1m[22m[2m Γöé gzip:   3.95 kB[22m
[2mdist/[22m[36massets/Location-B9K0I-YY.js                     [39m[1m[2m 13.24 kB[22m[1m[22m[2m Γöé gzip:   4.66 kB[22m
[2mdist/[22m[36massets/AdminLandingPages-CkwP9_DN.js            [39m[1m[2m 13.39 kB[22m[1m[22m[2m Γöé gzip:   4.02 kB[22m
[2mdist/[22m[36massets/MemberDashboard-9PhtcSqY.js              [39m[1m[2m 13.60 kB[22m[1m[22m[2m Γöé gzip:   3.82 kB[22m
[2mdist/[22m[36massets/AdminSettings-ChNOgvIb.js                [39m[1m[2m 15.39 kB[22m[1m[22m[2m Γöé gzip:   3.62 kB[22m
[2mdist/[22m[36massets/AdminCityEvents-BZ0BGGJA.js              [39m[1m[2m 15.45 kB[22m[1m[22m[2m Γöé gzip:   4.47 kB[22m
[2mdist/[22m[36massets/AdminPromotions-CDldnZBP.js              [39m[1m[2m 15.78 kB[22m[1m[22m[2m Γöé gzip:   4.23 kB[22m
[2mdist/[22m[36massets/AdminHeroSlides-BR4RRbov.js              [39m[1m[2m 18.39 kB[22m[1m[22m[2m Γöé gzip:   4.39 kB[22m
[2mdist/[22m[36massets/LandingPage-D0Aoz1ut.js                  [39m[1m[2m 18.50 kB[22m[1m[22m[2m Γöé gzip:   6.08 kB[22m
[2mdist/[22m[36massets/BookingDialog-CfWK4RJQ.js                [39m[1m[2m 19.50 kB[22m[1m[22m[2m Γöé gzip:   6.53 kB[22m
[2mdist/[22m[36massets/embla-carousel-react.esm-BWko6UFg.js     [39m[1m[2m 19.78 kB[22m[1m[22m[2m Γöé gzip:   8.11 kB[22m
[2mdist/[22m[36massets/dropdown-menu-D_59mRdf.js                [39m[1m[2m 20.75 kB[22m[1m[22m[2m Γöé gzip:   6.09 kB[22m
[2mdist/[22m[36massets/select-De8fGmSs.js                       [39m[1m[2m 21.17 kB[22m[1m[22m[2m Γöé gzip:   7.36 kB[22m
[2mdist/[22m[36massets/purify.es-sOfw8HaZ.js                    [39m[1m[2m 22.67 kB[22m[1m[22m[2m Γöé gzip:   8.79 kB[22m
[2mdist/[22m[36massets/ExploreSemarang-BPBTC8Fy.js              [39m[1m[2m 23.80 kB[22m[1m[22m[2m Γöé gzip:   7.17 kB[22m
[2mdist/[22m[36massets/id-zYlWCmVg.js                           [39m[1m[2m 26.30 kB[22m[1m[22m[2m Γöé gzip:   7.03 kB[22m
[2mdist/[22m[36massets/RoomDetail-B4gfnh3q.js                   [39m[1m[2m 27.54 kB[22m[1m[22m[2m Γöé gzip:   8.51 kB[22m
[2mdist/[22m[36massets/AdminLayout-DBMZ5IbE.js                  [39m[1m[2m 29.42 kB[22m[1m[22m[2m Γöé gzip:   8.37 kB[22m
[2mdist/[22m[36massets/AdminRooms-c83sdkkq.js                   [39m[1m[2m 29.60 kB[22m[1m[22m[2m Γöé gzip:   8.87 kB[22m
[2mdist/[22m[36massets/Index-CKVR89lO.js                        [39m[1m[2m 31.15 kB[22m[1m[22m[2m Γöé gzip:  11.06 kB[22m
[2mdist/[22m[36massets/calendar-DxI9pzxx.js                     [39m[1m[2m 34.60 kB[22m[1m[22m[2m Γöé gzip:  11.01 kB[22m
[2mdist/[22m[36massets/AdminBookings-DVS_Ud-9.js                [39m[1m[2m 38.93 kB[22m[1m[22m[2m Γöé gzip:  10.51 kB[22m
[2mdist/[22m[36massets/AdminAdminChatbot-1pR4F_Od.js            [39m[1m[2m 45.55 kB[22m[1m[22m[2m Γöé gzip:  11.67 kB[22m
[2mdist/[22m[36massets/AdminCompetitorAnalysis-CijcYiKK.js      [39m[1m[2m 46.43 kB[22m[1m[22m[2m Γöé gzip:  10.90 kB[22m
[2mdist/[22m[36massets/vendor-dnd-CXwnGOWx.js                   [39m[1m[2m 50.18 kB[22m[1m[22m[2m Γöé gzip:  16.61 kB[22m
[2mdist/[22m[36massets/types-CcNI3tUS.js                        [39m[1m[2m 53.45 kB[22m[1m[22m[2m Γöé gzip:  12.21 kB[22m
[2mdist/[22m[36massets/AdminSeoSettings-DNWx_tZP.js             [39m[1m[2m 56.75 kB[22m[1m[22m[2m Γöé gzip:  14.87 kB[22m
[2mdist/[22m[36massets/ElementRenderer-DPA_WP8Z.js              [39m[1m[2m 61.43 kB[22m[1m[22m[2m Γöé gzip:  17.24 kB[22m
[2mdist/[22m[36massets/AdminChannelManagers-DabxPLqi.js         [39m[1m[2m 61.61 kB[22m[1m[22m[2m Γöé gzip:  18.97 kB[22m
[2mdist/[22m[36massets/AdminGuestChatbot-I0qbMN_U.js            [39m[1m[2m 73.38 kB[22m[1m[22m[2m Γöé gzip:  17.78 kB[22m
[2mdist/[22m[36massets/AdminBookingCalendarPage-C3NWe_Uf.js     [39m[1m[2m 87.22 kB[22m[1m[22m[2m Γöé gzip:  22.38 kB[22m
[2mdist/[22m[36massets/PageEditorPage-B3VssWx5.js               [39m[1m[2m106.12 kB[22m[1m[22m[2m Γöé gzip:  23.62 kB[22m
[2mdist/[22m[36massets/index-DZJd26qY.js                        [39m[1m[2m117.87 kB[22m[1m[22m[2m Γöé gzip:  36.23 kB[22m
[2mdist/[22m[36massets/index.es-Dmrrx-KR.js                     [39m[1m[2m150.70 kB[22m[1m[22m[2m Γöé gzip:  51.58 kB[22m
[2mdist/[22m[36massets/vendor-supabase-CazmBF5u.js              [39m[1m[2m167.33 kB[22m[1m[22m[2m Γöé gzip:  42.30 kB[22m
[2mdist/[22m[36massets/index-t8885dka.js                        [39m[1m[2m186.49 kB[22m[1m[22m[2m Γöé gzip:  59.88 kB[22m
[2mdist/[22m[36massets/FloorPlanEditor-CJEf-QuW.js              [39m[1m[2m291.33 kB[22m[1m[22m[2m Γöé gzip:  88.07 kB[22m
[2mdist/[22m[36massets/vendor-ui-0xP2pG57.js                    [39m[1m[2m342.47 kB[22m[1m[22m[2m Γöé gzip: 112.45 kB[22m
[2mdist/[22m[36massets/vendor-charts-DOVUpCbQ.js                [39m[1m[2m384.26 kB[22m[1m[22m[2m Γöé gzip: 105.45 kB[22m
[2mdist/[22m[36massets/xlsx-B6sNpj_1.js                         [39m[1m[2m429.35 kB[22m[1m[22m[2m Γöé gzip: 143.18 kB[22m
[2mdist/[22m[36massets/Panorama360Viewer-BmSCN870.js            [39m[1m[33m693.81 kB[39m[22m[2m Γöé gzip: 204.85 kB[22m
[2mdist/[22m[36massets/lucide-react-jqDIjuB8.js                 [39m[1m[33m729.32 kB[39m[22m[2m Γöé gzip: 130.11 kB[22m
[2mdist/[22m[36massets/html2pdf-CM1wUOm-.js                     [39m[1m[33m767.40 kB[39m[22m[2m Γöé gzip: 219.11 kB[22m
[33m
(!) Some chunks are larger than 500 kB after minification. Consider:
- Using dynamic import() to code-split the application
- Use build.rollupOptions.output.manualChunks to improve chunking: https://roll
upjs.org/configuration-options/#output-manualchunks
- Adjust chunk size limit for this warning via build.chunkSizeWarningLimit.[39
m
[32mΓ£ô built in 10.59s[39m
